// Jest Snapshot v1, https://goo.gl/fbAQLP

exports[`create default create 1`] = `
ReducerEntity {
  "asCollection": false,
  "entity": reducer:foo {
    "entityType": "reducer",
    "id": "reducer:foo",
    "isEntityInstance": true,
    "name": "foo",
    "params": Object {},
    "resolve": [Function],
    "value": ReducerPath {
      "asCollection": false,
      "body": [Function],
      "name": "$",
      "type": "ReducerPath",
      Symbol(reducer): true,
    },
  },
  "entityType": "reducer",
  "hasEmptyConditional": false,
  "id": "reducer:foo",
  "name": "foo",
  "spec": reducer:foo {
    "entityType": "reducer",
    "id": "reducer:foo",
    "isEntityInstance": true,
    "name": "foo",
    "params": Object {},
    "resolve": [Function],
    "value": ReducerPath {
      "asCollection": false,
      "body": [Function],
      "name": "$",
      "type": "ReducerPath",
      Symbol(reducer): true,
    },
  },
  "type": "ReducerEntity",
}
`;
