// Jest Snapshot v1, https://goo.gl/fbAQLP

exports[`lib It should explicity expose set of methods 1`] = `
Object {
  "Collection": [Function],
  "Control": [Function],
  "Entry": [Function],
  "Hash": [Function],
  "Model": [Function],
  "Reducer": [Function],
  "Request": [Function],
  "Schema": [Function],
  "assign": [Function],
  "constant": [Function],
  "create": [Function],
  "createEntity": [Function],
  "createReducer": [Function],
  "createReducerResolver": [Function],
  "createTypeCheckReducer": [Function],
  "entities": Object {
    "Collection": [Function],
    "Control": [Function],
    "Entry": [Function],
    "Hash": [Function],
    "Model": [Function],
    "Reducer": [Function],
    "Request": [Function],
    "Schema": [Function],
  },
  "entityFactories": Object {
    "Collection": [Function],
    "Control": [Function],
    "Entry": [Function],
    "Hash": [Function],
    "Model": [Function],
    "Reducer": [Function],
    "Request": [Function],
    "Schema": [Function],
  },
  "filter": [Function],
  "find": [Function],
  "helpers": Object {
    "assign": [Function],
    "constant": [Function],
    "filter": [Function],
    "find": [Function],
    "map": [Function],
    "omit": [Function],
    "parallel": [Function],
    "pick": [Function],
    "withDefault": [Function],
  },
  "map": [Function],
  "omit": [Function],
  "parallel": [Function],
  "pick": [Function],
  "reducify": [Function],
  "reducifyAll": [Function],
  "resolveEntity": [Function],
  "withDefault": [Function],
}
`;
