// Jest Snapshot v1, https://goo.gl/fbAQLP

exports[` 1`] = `"Reducer functions must have an arity of 3 at most"`;
