// Jest Snapshot v1, https://goo.gl/fbAQLP

exports[`API should match API 1`] = `[Function]`;
