// Jest Snapshot v1, https://goo.gl/fbAQLP

exports[`setupRoutes It should error if routes are missing 1`] = `"Routes option must be provided"`;
