// Jest Snapshot v1, https://goo.gl/fbAQLP

exports[`ReducerParallel#factory It should create a ReducerParallel object 1`] = `
Array [
  ReducerPath {
    "asCollection": false,
    "body": [Function],
    "name": "a",
    "type": "ReducerPath",
    Symbol(reducer): true,
  },
  ReducerFunction {
    "body": [Function],
    "type": "ReducerFunction",
    Symbol(reducer): true,
  },
]
`;
