// Jest Snapshot v1, https://goo.gl/fbAQLP

exports[`augmentAccumulatorTrace should create new accumulator with traceNode appended 1`] = `
Object {
  "reducer": "reducer",
  "traceGraph": Array [
    "traceNode",
  ],
  "traceNode": "traceNode",
}
`;

exports[`createTracedAccumulator should create new accumulator with traceNode appended 1`] = `
Object {
  "traceNode": Object {
    "hrtime": Array [
      1,
      1000000000,
    ],
    "id": "1",
    "parent": undefined,
    "reducer": "reducer",
    "timeStartNs": 2000000000,
  },
}
`;
