// Jest Snapshot v1, https://goo.gl/fbAQLP

exports[`createTree should create parent child relationship 1`] = `
Object {
  "children": Array [
    Object {
      "children": Array [],
      "durationMs": 1000.02,
      "durationNs": 1000020000,
      "id": "id1",
      "label": "reducerId1:id1",
      "nestingLevel": 1,
      "parent": [Circular],
      "reducer": Object {
        "id": "reducerId1",
        "name": "reducerName1",
      },
      "reducerSummary": Object {
        "body": "",
        "id": "reducerId1",
        "name": "reducerName1",
        "type": undefined,
      },
      "time": 1000000000,
      "timeStartNs": 1000000000,
      "timelineStartMs": 1000,
      "timelineStartNs": 1000000000,
    },
    Object {
      "children": Array [
        Object {
          "children": Array [],
          "durationMs": 3000.02,
          "durationNs": 3000020000,
          "id": "id3",
          "label": "reducerId3:id3",
          "nestingLevel": 2,
          "parent": [Circular],
          "reducer": Object {
            "id": "reducerId3",
            "name": "reducerName3",
          },
          "reducerSummary": Object {
            "body": "",
            "id": "reducerId3",
            "name": "reducerName3",
            "type": undefined,
          },
          "time": 3000000000,
          "timeStartNs": 3000000000,
          "timelineStartMs": 3000,
          "timelineStartNs": 3000000000,
        },
      ],
      "durationMs": 2000.02,
      "durationNs": 2000020000,
      "id": "id2",
      "label": "reducerId2:id2",
      "nestingLevel": 1,
      "parent": [Circular],
      "reducer": Object {
        "id": "reducerId2",
        "name": "reducerName2",
      },
      "reducerSummary": Object {
        "body": "",
        "id": "reducerId2",
        "name": "reducerName2",
        "type": undefined,
      },
      "time": 2000000000,
      "timeStartNs": 2000000000,
      "timelineStartMs": 2000,
      "timelineStartNs": 2000000000,
    },
  ],
  "durationMs": 0.02,
  "durationNs": 20000,
  "id": "id0",
  "label": "reducerId0:id0",
  "nestingLevel": 0,
  "parent": null,
  "reducer": Object {
    "id": "reducerId0",
    "name": "reducerName0",
  },
  "reducerSummary": Object {
    "body": "",
    "id": "reducerId0",
    "name": "reducerName0",
    "type": undefined,
  },
  "time": 0,
  "timeStartNs": 0,
  "timelineStartMs": 0,
  "timelineStartNs": 0,
}
`;

exports[`logGraph should log the tree 1`] = `
"0 reducerId0:id0 S: 0.000ms T: 0.000ms
  1 reducerId1:id1 S: 1.000ms T: 1.000ms
  1 reducerId2:id2 S: 2.000ms T: 2.000ms
    2 reducerId3:id3 S: 3.000ms T: 3.000ms"
`;

exports[`writeTraceGraph should write graph to disk 1`] = `
Array [
  "data-point-trace-123.json",
  "{
  \\"id\\": \\"id0\\",
  \\"time\\": 0,
  \\"timeStartNs\\": 0,
  \\"durationNs\\": 20000,
  \\"parent\\": null,
  \\"reducer\\": {
    \\"id\\": \\"reducerId0\\",
    \\"name\\": \\"reducerName0\\"
  },
  \\"durationMs\\": 0.02,
  \\"timelineStartNs\\": 0,
  \\"timelineStartMs\\": 0,
  \\"nestingLevel\\": 0,
  \\"label\\": \\"reducerId0:id0\\",
  \\"reducerSummary\\": {
    \\"id\\": \\"reducerId0\\",
    \\"name\\": \\"reducerName0\\",
    \\"body\\": \\"\\"
  },
  \\"children\\": [
    {
      \\"id\\": \\"id1\\",
      \\"time\\": 1000000000,
      \\"timeStartNs\\": 1000000000,
      \\"durationNs\\": 1000020000,
      \\"parent\\": \\"[Circular ~]\\",
      \\"reducer\\": {
        \\"id\\": \\"reducerId1\\",
        \\"name\\": \\"reducerName1\\"
      },
      \\"durationMs\\": 1000.02,
      \\"timelineStartNs\\": 1000000000,
      \\"timelineStartMs\\": 1000,
      \\"nestingLevel\\": 1,
      \\"label\\": \\"reducerId1:id1\\",
      \\"reducerSummary\\": {
        \\"id\\": \\"reducerId1\\",
        \\"name\\": \\"reducerName1\\",
        \\"body\\": \\"\\"
      },
      \\"children\\": []
    },
    {
      \\"id\\": \\"id2\\",
      \\"time\\": 2000000000,
      \\"timeStartNs\\": 2000000000,
      \\"durationNs\\": 2000020000,
      \\"parent\\": \\"[Circular ~]\\",
      \\"reducer\\": {
        \\"id\\": \\"reducerId2\\",
        \\"name\\": \\"reducerName2\\"
      },
      \\"durationMs\\": 2000.02,
      \\"timelineStartNs\\": 2000000000,
      \\"timelineStartMs\\": 2000,
      \\"nestingLevel\\": 1,
      \\"label\\": \\"reducerId2:id2\\",
      \\"reducerSummary\\": {
        \\"id\\": \\"reducerId2\\",
        \\"name\\": \\"reducerName2\\",
        \\"body\\": \\"\\"
      },
      \\"children\\": [
        {
          \\"id\\": \\"id3\\",
          \\"time\\": 3000000000,
          \\"timeStartNs\\": 3000000000,
          \\"durationNs\\": 3000020000,
          \\"parent\\": \\"[Circular ~.children.1]\\",
          \\"reducer\\": {
            \\"id\\": \\"reducerId3\\",
            \\"name\\": \\"reducerName3\\"
          },
          \\"durationMs\\": 3000.02,
          \\"timelineStartNs\\": 3000000000,
          \\"timelineStartMs\\": 3000,
          \\"nestingLevel\\": 2,
          \\"label\\": \\"reducerId3:id3\\",
          \\"reducerSummary\\": {
            \\"id\\": \\"reducerId3\\",
            \\"name\\": \\"reducerName3\\",
            \\"body\\": \\"\\"
          },
          \\"children\\": []
        }
      ]
    }
  ],
  \\"maxNestingLevel\\": 3
}",
  "utf8",
]
`;
