// Jest Snapshot v1, https://goo.gl/fbAQLP

exports[`Accumulator should create base accumulator object 1`] = `
Accumulator {
  "context": undefined,
  "locals": undefined,
  "reducer": undefined,
  "trace": false,
  "traceGraph": Array [],
  "value": undefined,
  "values": undefined,
}
`;
