// Jest Snapshot v1, https://goo.gl/fbAQLP

exports[`create should create stale while revalidate controller 1`] = `
Object {
  "addEntry": [Function],
  "addRevalidationFlags": [Function],
  "clearAllRevalidationFlags": [Function],
  "getEntry": [Function],
  "getRevalidationState": [Function],
  "invalidateLocalFlags": [Function],
  "removeLocalRevalidationFlag": [MockFunction],
}
`;
